
> car-rental@0.1.0 start
> react-scripts start

Browserslist: browsers data (caniuse-lite) is 10 months old. Please run:
  npx update-browserslist-db@latest
  Why you should do it regularly: https://github.com/browserslist/update-db#readme
(node:30583) [DEP_WEBPACK_DEV_SERVER_ON_AFTER_SETUP_MIDDLEWARE] DeprecationWarning: 'onAfterSetupMiddleware' option is deprecated. Please use the 'setupMiddlewares' option.
(Use `node --trace-deprecation ...` to show where the warning was created)
(node:30583) [DEP_WEBPACK_DEV_SERVER_ON_BEFORE_SETUP_MIDDLEWARE] DeprecationWarning: 'onBeforeSetupMiddleware' option is deprecated. Please use the 'setupMiddlewares' option.
Starting the development server...

Compiled with warnings.

[eslint]
src/components/sub-components/AboutCompany.js
  Line 6:10:  'useLocation' is defined but never used                                                                     no-unused-vars
  Line 22:6:  React Hook useEffect has a missing dependency: 'countUp'. Either include it or remove the dependency array  react-hooks/exhaustive-deps

src/components/sub-components/ChooseUs.js
  Line 19:13:  The href attribute requires a valid value to be accessible. Provide a valid, navigable address as the href value. If you cannot provide a valid href, but still need the element to resemble a link, use a button and change it with appropriate styles. Learn more: https://github.com/jsx-eslint/eslint-plugin-jsx-a11y/blob/HEAD/docs/rules/anchor-is-valid.md  jsx-a11y/anchor-is-valid

src/components/sub-components/ContactForm.js
  Line 31:15:  Using target="_blank" without rel="noreferrer" (which implies rel="noopener") is a security risk in older browsers: see https://mathiasbynens.github.io/rel-noopener/#recommendations  react/jsx-no-target-blank
  Line 35:11:  Using target="_blank" without rel="noreferrer" (which implies rel="noopener") is a security risk in older browsers: see https://mathiasbynens.github.io/rel-noopener/#recommendations  react/jsx-no-target-blank

src/components/sub-components/Faq.js
  Line 1:8:  'React' is defined but never used  no-unused-vars

src/components/sub-components/Fleet.js
  Line 11:11:  'currentCar' is assigned a value but never used      no-unused-vars
  Line 11:23:  'setCurrentCar' is assigned a value but never used   no-unused-vars
  Line 12:24:  'setSelectedCar' is assigned a value but never used  no-unused-vars
  Line 14:12:  'chosenCar' is defined but never used                no-unused-vars

Search for the keywords to learn more about each warning.
To ignore, add // eslint-disable-next-line to the line before.

WARNING in [eslint]
src/components/sub-components/AboutCompany.js
  Line 6:10:  'useLocation' is defined but never used                                                                     no-unused-vars
  Line 22:6:  React Hook useEffect has a missing dependency: 'countUp'. Either include it or remove the dependency array  react-hooks/exhaustive-deps

src/components/sub-components/ChooseUs.js
  Line 19:13:  The href attribute requires a valid value to be accessible. Provide a valid, navigable address as the href value. If you cannot provide a valid href, but still need the element to resemble a link, use a button and change it with appropriate styles. Learn more: https://github.com/jsx-eslint/eslint-plugin-jsx-a11y/blob/HEAD/docs/rules/anchor-is-valid.md  jsx-a11y/anchor-is-valid

src/components/sub-components/ContactForm.js
  Line 31:15:  Using target="_blank" without rel="noreferrer" (which implies rel="noopener") is a security risk in older browsers: see https://mathiasbynens.github.io/rel-noopener/#recommendations  react/jsx-no-target-blank
  Line 35:11:  Using target="_blank" without rel="noreferrer" (which implies rel="noopener") is a security risk in older browsers: see https://mathiasbynens.github.io/rel-noopener/#recommendations  react/jsx-no-target-blank

src/components/sub-components/Faq.js
  Line 1:8:  'React' is defined but never used  no-unused-vars

src/components/sub-components/Fleet.js
  Line 11:11:  'currentCar' is assigned a value but never used      no-unused-vars
  Line 11:23:  'setCurrentCar' is assigned a value but never used   no-unused-vars
  Line 12:24:  'setSelectedCar' is assigned a value but never used  no-unused-vars
  Line 14:12:  'chosenCar' is defined but never used                no-unused-vars

webpack compiled with 1 warning
